(* This should be formatted with profile=conventional *)
type t = {
  foooooooooooooooooooooooooooooo : int;
  baaaaaaaaaaaaaaaaaaaaaaaaaaaaar : int;
}
